// Jest Snapshot v1, https://goo.gl/fbAQLP

exports[`Pagina de 404 Renderiza corretamente 1`] = `
<div
  style={
    Object {
      "paddingLeft": 50,
    }
  }
>
  <h1>
    PÃ¡gina nÃ£o encontrada :(
  </h1>
  <h2>
    <span
      role="img"
    >
      ðŸš‘ 
    </span>
    Volte para o seu 
    <Connect(ConnectedLink)
      to="/dashboard"
    >
      dashboard
    </Connect(ConnectedLink)>
  </h2>
</div>
`;
