// Jest Snapshot v1, https://goo.gl/fbAQLP

exports[`ConnectedLink Renderiza corretamente 1`] = `
<Link
  onClick={[Function]}
  replace={false}
  to="/home"
/>
`;
